[web.mit.edu/6.813/www/sp18/classes/01-usability/index.html]
[web.mit.edu/6.813/www/sp18/classes/02-learnability/index.html]
[backblue.gif]
[fade.gif]
[index.html]
[web.mit.edu/6.813/www/sp18/classes/03-efficiency/index.html]
[web.mit.edu/6.813/www/sp18/web/handout-style.css]
[web.mit.edu/6.813/www/sp18/classes/05-ui-sw-arch/index.html]
[web.mit.edu/6.813/www/sp18/classes/04-safety/index.html]
[web.mit.edu/6.813/www/sp18/classes/01-usability/figures/01.png]
[web.mit.edu/6.813/www/sp18/classes/06-user-centered-design/index.html]
[web.mit.edu/6.813/www/sp18/classes/07-output/index.html]
[web.mit.edu/6.813/www/sp18/classes/01-usability/figures/02.png]
[web.mit.edu/6.813/www/sp18/classes/09-more-learnability/index.html]
[web.mit.edu/6.813/www/sp18/classes/08-input/index.html]
[web.mit.edu/6.813/www/sp18/classes/10-more-efficiency/index.html]
[web.mit.edu/6.813/www/sp18/classes/01-usability/figures/03.png]
[web.mit.edu/6.813/www/sp18/classes/11-prototyping/index.html]
[web.mit.edu/6.813/www/sp18/classes/01-usability/figures/04a.png]
[web.mit.edu/6.813/www/sp18/classes/12-user-testing/index.html]
[web.mit.edu/6.813/www/sp18/classes/01-usability/figures/04b.png]
[web.mit.edu/6.813/www/sp18/classes/13-graphic-design/index.html]
[web.mit.edu/6.813/www/sp18/classes/14-layout/index.html]
[web.mit.edu/6.813/www/sp18/classes/01-usability/figures/05.png]
[web.mit.edu/6.813/www/sp18/classes/15-color/index.html]
[web.mit.edu/6.813/www/sp18/classes/01-usability/figures/06a.png]
[web.mit.edu/6.813/www/sp18/classes/16-typography/index.html]
[web.mit.edu/6.813/www/sp18/classes/01-usability/figures/07.png]
[web.mit.edu/6.813/www/sp18/classes/17-heuristic-evaluation/index.html]
[web.mit.edu/6.813/www/sp18/classes/01-usability/figures/08.png]
[web.mit.edu/6.813/www/sp18/classes/19-internationalization/index.html]
[web.mit.edu/6.813/www/sp18/classes/18-accessibility/index.html]
[web.mit.edu/6.813/www/sp18/classes/01-usability/figures/09a.png]
[web.mit.edu/6.813/www/sp18/classes/01-usability/figures/09b.png]
[web.mit.edu/6.813/www/sp18/classes/01-usability/figures/10.png]
[web.mit.edu/6.813/www/sp18/classes/01-usability/figures/11a.png]
[web.mit.edu/6.813/www/sp18/classes/01-usability/figures/11b.png]
[web.mit.edu/6.813/www/sp18/classes/01-usability/figures/12a.png]
[web.mit.edu/6.813/www/sp18/classes/01-usability/figures/12b.png]
[web.mit.edu/6.813/www/sp18/classes/01-usability/figures/12c.png]
[web.mit.edu/6.813/www/sp18/classes/01-usability/figures/13a.png]
[web.mit.edu/6.813/www/sp18/classes/01-usability/figures/13b.png]
[ajax.googleapis.com/ajax/libs/jquery/3.1.1/jquery.min.js]
[maxcdn.bootstrapcdn.com/bootstrap/3.3.7/js/bootstrap.min.js]
[web.mit.edu/6.813/www/sp18/web/client.js]
[web.mit.edu/6.813/www/sp18/web/handout-run.js]
[web.mit.edu/6.813/www/sp18/classes/01-usability/index.html]
[web.mit.edu/6.813/www/sp18/classes/02-learnability/figures/01.jpg]
[web.mit.edu/6.813/www/sp18/classes/02-learnability/figures/02.png]
[web.mit.edu/6.813/www/sp18/classes/02-learnability/figures/03.png]
[web.mit.edu/6.813/www/sp18/classes/02-learnability/figures/04.png]
[web.mit.edu/6.813/www/sp18/classes/02-learnability/figures/05.png]
[web.mit.edu/6.813/www/sp18/classes/02-learnability/figures/06.png]
[web.mit.edu/6.813/www/sp18/classes/02-learnability/figures/07.png]
[web.mit.edu/6.813/www/sp18/classes/02-learnability/figures/08.png]
[web.mit.edu/6.813/www/sp18/classes/02-learnability/figures/09.png]
[web.mit.edu/6.813/www/sp18/classes/02-learnability/figures/10.png]
[web.mit.edu/6.813/www/sp18/classes/02-learnability/figures/11.png]
[web.mit.edu/6.813/www/sp18/classes/02-learnability/figures/12.png]
[web.mit.edu/6.813/www/sp18/classes/02-learnability/figures/13.png]
[web.mit.edu/6.813/www/sp18/classes/02-learnability/figures/14.png]
[web.mit.edu/6.813/www/sp18/classes/02-learnability/figures/15.png]
[web.mit.edu/6.813/www/sp18/classes/02-learnability/figures/16.png]
[web.mit.edu/6.813/www/sp18/classes/02-learnability/figures/17.png]
[web.mit.edu/6.813/www/sp18/classes/02-learnability/figures/18.png]
[web.mit.edu/6.813/www/sp18/classes/02-learnability/figures/19.png]
[web.mit.edu/6.813/www/sp18/classes/02-learnability/figures/20.png]
[web.mit.edu/6.813/www/sp18/classes/02-learnability/figures/21.png]
[web.mit.edu/6.813/www/sp18/classes/02-learnability/index.html]
[web.mit.edu/6.813/www/sp18/classes/03-efficiency/figures/01.png]
[web.mit.edu/6.813/www/sp18/classes/03-efficiency/figures/02.png]
[web.mit.edu/6.813/www/sp18/classes/03-efficiency/figures/03.png]
[web.mit.edu/6.813/www/sp18/classes/03-efficiency/figures/04.png]
[web.mit.edu/6.813/www/sp18/classes/03-efficiency/figures/05.png]
[web.mit.edu/6.813/www/sp18/classes/03-efficiency/figures/06.png]
[web.mit.edu/6.813/www/sp18/classes/03-efficiency/figures/07.png]
[web.mit.edu/6.813/www/sp18/classes/03-efficiency/figures/08.png]
[web.mit.edu/6.813/www/sp18/classes/03-efficiency/figures/09.png]
[web.mit.edu/6.813/www/sp18/classes/03-efficiency/figures/10.png]
[web.mit.edu/6.813/www/sp18/classes/03-efficiency/figures/11.png]
[web.mit.edu/6.813/www/sp18/classes/03-efficiency/figures/12.png]
[web.mit.edu/6.813/www/sp18/classes/03-efficiency/figures/13.png]
[web.mit.edu/6.813/www/sp18/classes/03-efficiency/figures/14.png]
[web.mit.edu/6.813/www/sp18/classes/03-efficiency/figures/15.png]
[web.mit.edu/6.813/www/sp18/classes/03-efficiency/figures/16.png]
[web.mit.edu/6.813/www/sp18/classes/03-efficiency/figures/17.png]
[web.mit.edu/6.813/www/sp18/classes/03-efficiency/figures/18.png]
[web.mit.edu/6.813/www/sp18/classes/03-efficiency/figures/19.png]
[web.mit.edu/6.813/www/sp18/classes/03-efficiency/figures/20.png]
[web.mit.edu/6.813/www/sp18/classes/03-efficiency/figures/21.png]
[web.mit.edu/6.813/www/sp18/classes/03-efficiency/figures/22.png]
[web.mit.edu/6.813/www/sp18/classes/03-efficiency/figures/23.png]
[courses.csail.mit.edu/6.831/2014/readings/assets/L04/Pictures/24.png]
[web.mit.edu/6.813/www/sp18/classes/03-efficiency/index.html]
[web.mit.edu/6.813/www/sp18/classes/04-safety/figures/When2meet.jpg]
[web.mit.edu/6.813/www/sp18/classes/04-safety/figures/Doodle_example.jpg]
[web.mit.edu/6.813/www/sp18/classes/04-safety/figures/02.png]
[web.mit.edu/6.813/www/sp18/classes/04-safety/figures/03.png]
[web.mit.edu/6.813/www/sp18/classes/04-safety/figures/04.png]
[web.mit.edu/6.813/www/sp18/classes/04-safety/figures/05.png]
[web.mit.edu/6.813/www/sp18/classes/04-safety/figures/06.png]
[web.mit.edu/6.813/www/sp18/classes/04-safety/figures/07.png]
[web.mit.edu/6.813/www/sp18/classes/04-safety/figures/confirmation-4.png]
[web.mit.edu/6.813/www/sp18/classes/04-safety/figures/confirmation-1.png]
[web.mit.edu/6.813/www/sp18/classes/04-safety/figures/confirmation-3.png]
[web.mit.edu/6.813/www/sp18/classes/04-safety/figures/confirmation-2.png]
[web.mit.edu/6.813/www/sp18/classes/04-safety/figures/17.png]
[web.mit.edu/6.813/www/sp18/classes/04-safety/figures/18.png]
[web.mit.edu/6.813/www/sp18/classes/04-safety/figures/19.png]
[web.mit.edu/6.813/www/sp18/classes/04-safety/figures/20.png]
[web.mit.edu/6.813/www/sp18/classes/04-safety/figures/21.png]
[web.mit.edu/6.813/www/sp18/classes/04-safety/figures/22.png]
[web.mit.edu/6.813/www/sp18/classes/04-safety/figures/23a.png]
[web.mit.edu/6.813/www/sp18/classes/04-safety/figures/23b.png]
[web.mit.edu/6.813/www/sp18/classes/04-safety/figures/24a.png]
[web.mit.edu/6.813/www/sp18/classes/04-safety/figures/24b.png]
[web.mit.edu/6.813/www/sp18/classes/04-safety/figures/24c.png]
[web.mit.edu/6.813/www/sp18/classes/04-safety/figures/25a.png]
[web.mit.edu/6.813/www/sp18/classes/04-safety/figures/25b.png]
[web.mit.edu/6.813/www/sp18/classes/04-safety/figures/14.png]
[web.mit.edu/6.813/www/sp18/classes/04-safety/figures/15a.png]
[web.mit.edu/6.813/www/sp18/classes/04-safety/figures/15b.png]
[web.mit.edu/6.813/www/sp18/classes/04-safety/figures/15c.png]
[web.mit.edu/6.813/www/sp18/classes/04-safety/figures/16.png]
[web.mit.edu/6.813/www/sp18/classes/04-safety/figures/gmail-undo.png]
[web.mit.edu/6.813/www/sp18/classes/04-safety/index.html]
[web.mit.edu/6.813/www/sp18/classes/05-ui-sw-arch/figures/01.png]
[web.mit.edu/6.813/www/sp18/classes/05-ui-sw-arch/figures/02.png]
[web.mit.edu/6.813/www/sp18/classes/05-ui-sw-arch/figures/03.png]
[web.mit.edu/6.813/www/sp18/classes/05-ui-sw-arch/figures/04.png]
[web.mit.edu/6.813/www/sp18/classes/05-ui-sw-arch/figures/05.png]
[web.mit.edu/6.813/www/sp18/classes/05-ui-sw-arch/figures/06.png]
[web.mit.edu/6.813/www/sp18/classes/05-ui-sw-arch/figures/07.png]
[web.mit.edu/6.813/www/sp18/classes/05-ui-sw-arch/figures/08.png]
[web.mit.edu/6.813/www/sp18/classes/05-ui-sw-arch/figures/09.png]
[web.mit.edu/6.813/www/sp18/classes/05-ui-sw-arch/figures/10.png]
[web.mit.edu/6.813/www/sp18/classes/05-ui-sw-arch/figures/dreamweaver-example.png]
[web.mit.edu/6.813/www/sp18/classes/05-ui-sw-arch/index.html]
[web.mit.edu/6.813/www/sp18/classes/06-user-centered-design/figures/01.png]
[web.mit.edu/6.813/www/sp18/classes/06-user-centered-design/figures/02.png]
[web.mit.edu/6.813/www/sp18/classes/06-user-centered-design/figures/03.png]
[web.mit.edu/6.813/www/sp18/classes/06-user-centered-design/figures/04.png]
[web.mit.edu/6.813/www/sp18/classes/06-user-centered-design/figures/05.png]
[web.mit.edu/6.813/www/sp18/classes/06-user-centered-design/figures/06.png]
[web.mit.edu/6.813/www/sp18/classes/06-user-centered-design/figures/07.png]
[web.mit.edu/6.813/www/sp18/classes/06-user-centered-design/figures/08.png]
[web.mit.edu/6.813/www/sp18/classes/06-user-centered-design/figures/09.jpg]
[web.mit.edu/6.813/www/sp18/classes/06-user-centered-design/figures/10.jpg]
[web.mit.edu/6.813/www/sp18/classes/06-user-centered-design/figures/11.png]
[web.mit.edu/6.813/www/sp18/classes/06-user-centered-design/figures/12.png]
[web.mit.edu/6.813/www/sp18/classes/06-user-centered-design/figures/13.png]
[web.mit.edu/6.813/www/sp18/classes/06-user-centered-design/figures/14.png]
[web.mit.edu/6.813/www/sp18/classes/06-user-centered-design/figures/15.png]
[web.mit.edu/6.813/www/sp18/classes/06-user-centered-design/figures/16.png]
[web.mit.edu/6.813/www/sp18/classes/06-user-centered-design/figures/17.png]
[web.mit.edu/6.813/www/sp18/classes/06-user-centered-design/index.html]
[web.mit.edu/6.813/www/sp18/classes/07-output/figures/01.png]
[web.mit.edu/6.813/www/sp18/classes/07-output/figures/02.png]
[web.mit.edu/6.813/www/sp18/classes/07-output/figures/03.png]
[web.mit.edu/6.813/www/sp18/classes/07-output/figures/04.png]
[web.mit.edu/6.813/www/sp18/classes/07-output/figures/05.png]
[web.mit.edu/6.813/www/sp18/classes/07-output/figures/06.png]
[web.mit.edu/6.813/www/sp18/classes/07-output/figures/07.png]
[i.imgur.com/NzMShon.png]
[web.mit.edu/6.813/www/sp18/classes/07-output/figures/08.png]
[web.mit.edu/6.813/www/sp18/classes/07-output/figures/09.png]
[web.mit.edu/6.813/www/sp18/classes/07-output/figures/10.png]
[web.mit.edu/6.813/www/sp18/classes/07-output/figures/11.png]
[web.mit.edu/6.813/www/sp18/classes/07-output/figures/12.png]
[web.mit.edu/6.813/www/sp18/classes/07-output/figures/13.png]
[web.mit.edu/6.813/www/sp18/classes/07-output/figures/14.png]
[web.mit.edu/6.813/www/sp18/classes/07-output/figures/15.png]
[web.mit.edu/6.813/www/sp18/classes/07-output/figures/16.png]
[web.mit.edu/6.813/www/sp18/classes/07-output/figures/17.png]
[web.mit.edu/6.813/www/sp18/classes/07-output/figures/animation-feedback-1.png]
[web.mit.edu/6.813/www/sp18/classes/07-output/figures/animation-feedback-2.png]
[web.mit.edu/6.813/www/sp18/classes/07-output/figures/animation-feedback-3.png]
[web.mit.edu/6.813/www/sp18/classes/07-output/figures/motion-blur-1.png]
[web.mit.edu/6.813/www/sp18/classes/07-output/figures/motion-blur-2.png]
[web.mit.edu/6.813/www/sp18/classes/07-output/figures/motion-blur-3.png]
[web.mit.edu/6.813/www/sp18/classes/07-output/figures/cartoon1.png]
[web.mit.edu/6.813/www/sp18/classes/07-output/figures/cartoon2.png]
[web.mit.edu/6.813/www/sp18/classes/07-output/figures/cartoon3.png]
[web.mit.edu/6.813/www/sp18/classes/07-output/figures/cartoon4.png]
[web.mit.edu/6.813/www/sp18/classes/07-output/figures/slow-in-slow-out.png]
[web.mit.edu/6.813/www/sp18/classes/07-output/index.html]
[web.mit.edu/6.813/www/sp18/classes/08-input/figures/01.png]
[web.mit.edu/6.813/www/sp18/classes/08-input/figures/02.png]
[web.mit.edu/6.813/www/sp18/classes/08-input/figures/03.png]
[web.mit.edu/6.813/www/sp18/classes/08-input/figures/04.png]
[web.mit.edu/6.813/www/sp18/classes/08-input/figures/05.png]
[web.mit.edu/6.813/www/sp18/classes/08-input/figures/06.png]
[web.mit.edu/6.813/www/sp18/classes/08-input/figures/07.png]
[web.mit.edu/6.813/www/sp18/classes/08-input/index.html]
[web.mit.edu/6.813/www/sp18/classes/09-more-learnability/figures/01.png]
[web.mit.edu/6.813/www/sp18/classes/09-more-learnability/figures/moving_between_monitors.jpg]
[web.mit.edu/6.813/www/sp18/classes/09-more-learnability/figures/02.png]
[web.mit.edu/6.813/www/sp18/classes/09-more-learnability/figures/03.png]
[web.mit.edu/6.813/www/sp18/classes/09-more-learnability/figures/04.png]
[web.mit.edu/6.813/www/sp18/classes/09-more-learnability/figures/ug-1.png]
[web.mit.edu/6.813/www/sp18/classes/09-more-learnability/figures/ug-2.png]
[web.mit.edu/6.813/www/sp18/classes/09-more-learnability/figures/ug-3.png]
[web.mit.edu/6.813/www/sp18/classes/09-more-learnability/figures/ug-4.png]
[web.mit.edu/6.813/www/sp18/classes/09-more-learnability/figures/ug-5.png]
[web.mit.edu/6.813/www/sp18/classes/09-more-learnability/figures/06.png]
[web.mit.edu/6.813/www/sp18/classes/09-more-learnability/figures/affordances-3.png]
[web.mit.edu/6.813/www/sp18/classes/09-more-learnability/figures/affordances-7.png]
[web.mit.edu/6.813/www/sp18/classes/09-more-learnability/figures/affordances-5.png]
[web.mit.edu/6.813/www/sp18/classes/09-more-learnability/figures/affordances-4.png]
[web.mit.edu/6.813/www/sp18/classes/09-more-learnability/figures/affordances-1.png]
[web.mit.edu/6.813/www/sp18/classes/09-more-learnability/figures/affordances-2.png]
[web.mit.edu/6.813/www/sp18/classes/09-more-learnability/figures/09.png]
[web.mit.edu/6.813/www/sp18/classes/09-more-learnability/figures/10.png]
[web.mit.edu/6.813/www/sp18/classes/09-more-learnability/figures/11.png]
[web.mit.edu/6.813/www/sp18/classes/09-more-learnability/figures/13.png]
[web.mit.edu/6.813/www/sp18/classes/09-more-learnability/figures/15.png]
[web.mit.edu/6.813/www/sp18/classes/09-more-learnability/figures/progress-1.png]
[web.mit.edu/6.813/www/sp18/classes/09-more-learnability/figures/progress-3.png]
[web.mit.edu/6.813/www/sp18/classes/09-more-learnability/figures/progress-2.png]
[web.mit.edu/6.813/www/sp18/classes/09-more-learnability/figures/16.png]
[web.mit.edu/6.813/www/sp18/classes/09-more-learnability/figures/17.png]
[web.mit.edu/6.813/www/sp18/classes/09-more-learnability/figures/view-state-4.png]
[web.mit.edu/6.813/www/sp18/classes/09-more-learnability/figures/view-state-3.png]
[web.mit.edu/6.813/www/sp18/classes/09-more-learnability/figures/view-state-2.png]
[web.mit.edu/6.813/www/sp18/classes/09-more-learnability/figures/view-state-1.png]
[web.mit.edu/6.813/www/sp18/classes/09-more-learnability/figures/view-state-5.png]
[web.mit.edu/6.813/www/sp18/classes/09-more-learnability/figures/view-state-6.png]
[web.mit.edu/6.813/www/sp18/classes/09-more-learnability/figures/19.png]
[web.mit.edu/6.813/www/sp18/classes/09-more-learnability/figures/20.png]
[web.mit.edu/6.813/www/sp18/classes/09-more-learnability/figures/21.png]
[web.mit.edu/6.813/www/sp18/classes/09-more-learnability/figures/22.png]
[web.mit.edu/6.813/www/sp18/classes/09-more-learnability/index.html]
[web.mit.edu/6.813/www/sp18/classes/10-more-efficiency/figures/xbox-ftp-1.png]
[web.mit.edu/6.813/www/sp18/classes/10-more-efficiency/figures/xbox-ftp-2.png]
[web.mit.edu/6.813/www/sp18/classes/10-more-efficiency/figures/mhp.png]
[web.mit.edu/6.813/www/sp18/classes/10-more-efficiency/figures/processors.png]
[web.mit.edu/6.813/www/sp18/classes/10-more-efficiency/figures/motor-control.png]
[web.mit.edu/6.813/www/sp18/classes/10-more-efficiency/figures/10.png]
[web.mit.edu/6.813/www/sp18/classes/10-more-efficiency/figures/13.png]
[web.mit.edu/6.813/www/sp18/classes/10-more-efficiency/figures/speed-accuracy.png]
[web.mit.edu/6.813/www/sp18/classes/10-more-efficiency/figures/26.png]
[web.mit.edu/6.813/www/sp18/classes/10-more-efficiency/figures/cpm-goms.png]
[web.mit.edu/6.813/www/sp18/classes/10-more-efficiency/figures/point-shift-click.png]
[web.mit.edu/6.813/www/sp18/classes/10-more-efficiency/index.html]
[web.mit.edu/6.813/www/sp18/classes/11-prototyping/figures/01.png]
[web.mit.edu/6.813/www/sp18/classes/11-prototyping/figures/03.png]
[web.mit.edu/6.813/www/sp18/classes/11-prototyping/figures/04.png]
[web.mit.edu/6.813/www/sp18/classes/11-prototyping/figures/02.png]
[web.mit.edu/6.813/www/sp18/classes/11-prototyping/figures/05.png]
[web.mit.edu/6.813/www/sp18/classes/11-prototyping/figures/06.png]
[web.mit.edu/6.813/www/sp18/classes/11-prototyping/figures/07.png]
[web.mit.edu/6.813/www/sp18/classes/11-prototyping/figures/09.png]
[web.mit.edu/6.813/www/sp18/classes/11-prototyping/figures/11.png]
[web.mit.edu/6.813/www/sp18/classes/11-prototyping/figures/12.png]
[web.mit.edu/6.813/www/sp18/classes/11-prototyping/figures/13.jpg]
[web.mit.edu/6.813/www/sp18/classes/11-prototyping/figures/14.jpg]
[web.mit.edu/6.813/www/sp18/classes/11-prototyping/figures/15.jpg]
[web.mit.edu/6.813/www/sp18/classes/11-prototyping/figures/16.jpg]
[web.mit.edu/6.813/www/sp18/classes/11-prototyping/figures/17.jpg]
[web.mit.edu/6.813/www/sp18/classes/11-prototyping/figures/18.jpg]
[web.mit.edu/6.813/www/sp18/classes/11-prototyping/figures/19.jpg]
[web.mit.edu/6.813/www/sp18/classes/11-prototyping/figures/20.jpg]
[web.mit.edu/6.813/www/sp18/classes/11-prototyping/figures/21.jpg]
[web.mit.edu/6.813/www/sp18/classes/11-prototyping/figures/22.png]
[web.mit.edu/6.813/www/sp18/classes/11-prototyping/figures/23.png]
[web.mit.edu/6.813/www/sp18/classes/11-prototyping/figures/24.png]
[web.mit.edu/6.813/www/sp18/classes/11-prototyping/figures/25.png]
[web.mit.edu/6.813/www/sp18/classes/11-prototyping/figures/26.png]
[web.mit.edu/6.813/www/sp18/classes/11-prototyping/figures/27.png]
[web.mit.edu/6.813/www/sp18/classes/11-prototyping/index.html]
[web.mit.edu/6.813/www/sp18/classes/12-user-testing/figures/online-calculator.png]
[web.mit.edu/6.813/www/sp18/classes/12-user-testing/figures/google-calculator.png]
[web.mit.edu/6.813/www/sp18/classes/12-user-testing/index.html]
[web.mit.edu/6.813/www/sp18/classes/13-graphic-design/figures/01.png]
[web.mit.edu/6.813/www/sp18/classes/13-graphic-design/figures/02.png]
[web.mit.edu/6.813/www/sp18/classes/13-graphic-design/figures/amazon-echo-dot.jpg]
[web.mit.edu/6.813/www/sp18/classes/13-graphic-design/figures/03.png]
[web.mit.edu/6.813/www/sp18/classes/13-graphic-design/figures/04.png]
[web.mit.edu/6.813/www/sp18/classes/13-graphic-design/figures/apple-tv-remote.png]
[web.mit.edu/6.813/www/sp18/classes/13-graphic-design/figures/06.png]
[web.mit.edu/6.813/www/sp18/classes/13-graphic-design/figures/07.png]
[web.mit.edu/6.813/www/sp18/classes/13-graphic-design/figures/pinterest.png]
[web.mit.edu/6.813/www/sp18/classes/13-graphic-design/figures/08.png]
[web.mit.edu/6.813/www/sp18/classes/13-graphic-design/figures/09.png]
[web.mit.edu/6.813/www/sp18/classes/13-graphic-design/figures/breadcrumbs.png]
[web.mit.edu/6.813/www/sp18/classes/13-graphic-design/figures/11.png]
[web.mit.edu/6.813/www/sp18/classes/13-graphic-design/figures/12.png]
[web.mit.edu/6.813/www/sp18/classes/13-graphic-design/figures/red-stars.png]
[web.mit.edu/6.813/www/sp18/classes/13-graphic-design/figures/gold-stars.png]
[web.mit.edu/6.813/www/sp18/classes/13-graphic-design/figures/13.png]
[web.mit.edu/6.813/www/sp18/classes/13-graphic-design/figures/14.png]
[web.mit.edu/6.813/www/sp18/classes/13-graphic-design/figures/15.png]
[web.mit.edu/6.813/www/sp18/classes/13-graphic-design/figures/16.png]
[web.mit.edu/6.813/www/sp18/classes/13-graphic-design/figures/17.png]
[web.mit.edu/6.813/www/sp18/classes/13-graphic-design/figures/18.png]
[web.mit.edu/6.813/www/sp18/classes/13-graphic-design/figures/19.png]
[web.mit.edu/6.813/www/sp18/classes/13-graphic-design/figures/20.png]
[web.mit.edu/6.813/www/sp18/classes/13-graphic-design/figures/21.png]
[web.mit.edu/6.813/www/sp18/classes/13-graphic-design/figures/22.png]
[web.mit.edu/6.813/www/sp18/classes/13-graphic-design/figures/benevolent.mp4]
[web.mit.edu/6.813/www/sp18/classes/13-graphic-design/figures/benevolent-1.jpg]
[web.mit.edu/6.813/www/sp18/classes/13-graphic-design/figures/alignment.png]
[web.mit.edu/6.813/www/sp18/classes/13-graphic-design/figures/proximity.gif]
[web.mit.edu/6.813/www/sp18/classes/13-graphic-design/index.html]
[web.mit.edu/6.813/www/sp18/classes/14-layout/figures/01.png]
[web.mit.edu/6.813/www/sp18/classes/14-layout/figures/02.png]
[web.mit.edu/6.813/www/sp18/classes/14-layout/figures/03.png]
[web.mit.edu/6.813/www/sp18/classes/14-layout/figures/04.png]
[web.mit.edu/6.813/www/sp18/classes/14-layout/figures/05.png]
[web.mit.edu/6.813/www/sp18/classes/14-layout/figures/06.png]
[web.mit.edu/6.813/www/sp18/classes/14-layout/figures/07.jpg]
[web.mit.edu/6.813/www/sp18/classes/14-layout/figures/08.png]
[web.mit.edu/6.813/www/sp18/classes/14-layout/figures/09.png]
[web.mit.edu/6.813/www/sp18/classes/14-layout/figures/10.png]
[web.mit.edu/6.813/www/sp18/classes/14-layout/figures/11.png]
[web.mit.edu/6.813/www/sp18/classes/14-layout/figures/12.png]
[web.mit.edu/6.813/www/sp18/classes/14-layout/figures/13.png]
[web.mit.edu/6.813/www/sp18/classes/14-layout/figures/14.png]
[web.mit.edu/6.813/www/sp18/classes/14-layout/figures/16.png]
[web.mit.edu/6.813/www/sp18/classes/14-layout/index.html]
[web.mit.edu/6.813/www/sp18/classes/15-color/figures/01.png]
[web.mit.edu/6.813/www/sp18/classes/15-color/figures/06.png]
[web.mit.edu/6.813/www/sp18/classes/15-color/figures/D700_ResponseCurveAdj4.jpg]
[web.mit.edu/6.813/www/sp18/classes/15-color/figures/Tessar.png]
[web.mit.edu/6.813/www/sp18/classes/15-color/figures/03.jpg]
[web.mit.edu/6.813/www/sp18/classes/15-color/figures/04.png]
[web.mit.edu/6.813/www/sp18/classes/15-color/figures/05.png]
[web.mit.edu/6.813/www/sp18/classes/15-color/figures/07.png]
[web.mit.edu/6.813/www/sp18/classes/15-color/figures/08.png]
[web.mit.edu/6.813/www/sp18/classes/15-color/figures/08b.png]
[web.mit.edu/6.813/www/sp18/classes/15-color/figures/09.jpg]
[web.mit.edu/6.813/www/sp18/classes/15-color/figures/28.gif]
[web.mit.edu/6.813/www/sp18/classes/15-color/figures/tungsten.jpg]
[web.mit.edu/6.813/www/sp18/classes/15-color/figures/10.png]
[web.mit.edu/6.813/www/sp18/classes/15-color/figures/blue-strawberries.jpg]
[web.mit.edu/6.813/www/sp18/classes/15-color/figures/11.png]
[web.mit.edu/6.813/www/sp18/classes/15-color/figures/12.png]
[web.mit.edu/6.813/www/sp18/classes/15-color/figures/13.png]
[web.mit.edu/6.813/www/sp18/classes/15-color/figures/14.png]
[web.mit.edu/6.813/www/sp18/classes/15-color/figures/transfer709.gif]
[web.mit.edu/6.813/www/sp18/classes/15-color/figures/17.png]
[web.mit.edu/6.813/www/sp18/classes/15-color/figures/Cielab-circle.png]
[web.mit.edu/6.813/www/sp18/classes/15-color/figures/19.png]
[web.mit.edu/6.813/www/sp18/classes/15-color/figures/21.png]
[web.mit.edu/6.813/www/sp18/classes/15-color/figures/20.png]
[web.mit.edu/6.813/www/sp18/classes/15-color/figures/15.png]
[web.mit.edu/6.813/www/sp18/classes/15-color/figures/16.png]
[web.mit.edu/6.813/www/sp18/classes/15-color/figures/22.png]
[web.mit.edu/6.813/www/sp18/classes/15-color/figures/23.png]
[web.mit.edu/6.813/www/sp18/classes/15-color/figures/24.png]
[web.mit.edu/6.813/www/sp18/classes/15-color/figures/25.png]
[web.mit.edu/6.813/www/sp18/classes/15-color/figures/26.png]
[web.mit.edu/6.813/www/sp18/classes/15-color/figures/27.png]
[web.mit.edu/6.813/www/sp18/classes/15-color/index.html]
[web.mit.edu/6.813/www/sp18/classes/16-typography/figures/01.png]
[web.mit.edu/6.813/www/sp18/classes/16-typography/figures/02.png]
[www.davidairey.com/images/design/letterform.gif]
[web.mit.edu/6.813/www/sp18/classes/16-typography/figures/03.png]
[web.mit.edu/6.813/www/sp18/classes/16-typography/figures/04.png]
[web.mit.edu/6.813/www/sp18/classes/16-typography/figures/05.png]
[web.mit.edu/6.813/www/sp18/classes/16-typography/figures/06.png]
[web.mit.edu/6.813/www/sp18/classes/16-typography/figures/07.png]
[web.mit.edu/6.813/www/sp18/classes/16-typography/index.html]
[web.mit.edu/6.813/www/sp18/classes/17-heuristic-evaluation/figures/01.png]
[web.mit.edu/6.813/www/sp18/classes/17-heuristic-evaluation/figures/02.png]
[web.mit.edu/6.813/www/sp18/classes/17-heuristic-evaluation/figures/03.png]
[web.mit.edu/6.813/www/sp18/classes/17-heuristic-evaluation/index.html]
[web.mit.edu/6.813/www/sp18/classes/18-accessibility/figures/01.png]
[web.mit.edu/6.813/www/sp18/classes/18-accessibility/figures/02.png]
[web.mit.edu/6.813/www/sp18/classes/18-accessibility/figures/03.png]
[web.mit.edu/6.813/www/sp18/classes/18-accessibility/figures/04.png]
[web.mit.edu/6.813/www/sp18/classes/18-accessibility/figures/07.png]
[web.mit.edu/6.813/www/sp18/classes/18-accessibility/figures/08.png]
[web.mit.edu/6.813/www/sp18/classes/18-accessibility/figures/05.png]
[web.mit.edu/6.813/www/sp18/classes/18-accessibility/figures/06.png]
[web.mit.edu/6.813/www/sp18/classes/18-accessibility/index.html]
[web.mit.edu/6.813/www/sp18/classes/19-internationalization/figures/hof-laundry-example.gif]
[web.mit.edu/6.813/www/sp18/classes/19-internationalization/figures/hof-vcr-example.jpg]
[web.mit.edu/6.813/www/sp18/classes/19-internationalization/figures/02.png]
[web.mit.edu/6.813/www/sp18/classes/19-internationalization/figures/03.png]
[web.mit.edu/6.813/www/sp18/classes/19-internationalization/figures/04.png]
[web.mit.edu/6.813/www/sp18/classes/19-internationalization/figures/05.png]
[web.mit.edu/6.813/www/sp18/classes/19-internationalization/figures/06.png]
[web.mit.edu/6.813/www/sp18/classes/19-internationalization/figures/07.png]
[web.mit.edu/6.813/www/sp18/classes/19-internationalization/figures/08.png]
[web.mit.edu/6.813/www/sp18/classes/19-internationalization/figures/09.png]
[web.mit.edu/6.813/www/sp18/classes/19-internationalization/figures/10.png]
[web.mit.edu/6.813/www/sp18/classes/19-internationalization/figures/11.png]
[web.mit.edu/6.813/www/sp18/classes/19-internationalization/figures/12.png]
[web.mit.edu/6.813/www/sp18/classes/19-internationalization/figures/13.png]
[web.mit.edu/6.813/www/sp18/classes/19-internationalization/figures/14.jpg]
[web.mit.edu/6.813/www/sp18/classes/19-internationalization/figures/15.png]
[web.mit.edu/6.813/www/sp18/classes/19-internationalization/figures/16.png]
[web.mit.edu/6.813/www/sp18/classes/19-internationalization/figures/17.png]
[web.mit.edu/6.813/www/sp18/classes/19-internationalization/figures/18.jpg]
[web.mit.edu/6.813/www/sp18/classes/19-internationalization/figures/19.jpg]
[web.mit.edu/6.813/www/sp18/classes/19-internationalization/figures/20.jpg]
[web.mit.edu/6.813/www/sp18/classes/19-internationalization/figures/21.png]
[web.mit.edu/6.813/www/sp18/classes/19-internationalization/figures/22.jpg]
[web.mit.edu/6.813/www/sp18/classes/19-internationalization/figures/23.png]
[web.mit.edu/6.813/www/sp18/classes/19-internationalization/figures/24.png]
[web.mit.edu/6.813/www/sp18/classes/19-internationalization/figures/26.png]
[web.mit.edu/6.813/www/sp18/classes/19-internationalization/figures/27.jpg]
[web.mit.edu/6.813/www/sp18/classes/19-internationalization/index.html]
[web.mit.edu/6.813/www/sp18/web/handout-style.css]
[web.mit.edu/6.813/www/sp18/classes/15-color/figures/Linear_visible_spectrum.svg]
[web.mit.edu/6.813/www/sp18/classes/15-color/figures/cones_log.svg]
[web.mit.edu/6.813/www/sp18/classes/15-color/figures/retinac.svg]
[web.mit.edu/6.813/www/sp18/classes/15-color/figures/Lab-Lab.svg]
[www.i18nguy.com/images/laundry-bidi.html]
[www.i18nguy.com/images/vcr.html]
[web.mit.edu/6.813/www/sp18/classes/13-graphic-design/figures/benevolent.mp4]
[web.mit.edu/6.813/www/sp18/classes/13-graphic-design/figures/proximity.gif]
[web.mit.edu/6.813/www/sp18/classes/13-graphic-design/figures/benevolent.mp4]
[web.mit.edu/6.813/www/sp18/classes/13-graphic-design/figures/proximity.gif]
